%3d-game.r
%3kbnewsreader.r
%99-bottles-of-beer.r
%a-reb-site.r
%abnf-parser.r
%accumulate.r
%acgiss.r
%aclock-p.r
%adalogo.r
%addr.r
%advanced-r3d.r
%age.r
%ai.r
%alert.r
%alien.r
%alienexp.r
%align.r
%altme-chat-reader.r
%always-on-top.r
%analog-clock.r
%analyse.r
%anamonitor.r
%animated-gif.r
%animresize.r
%application-sizer.r
%apply.r
%arcfour.r
%archiver.r
%area-scroll-style.r
%arff-datamining.r
%args-test.r
%args.r
%arguments.r
%ascii-chart.r
%ascii-info.r
%ascii-math.r
%associate.r
%async-get-keys.r
%attach.r
%autoextract.r
%ave.r
%average.r
%ball.r
%balls.r
%bar-charts.r
%base-convert.r
%base58.r
%basexclient.r
%bbcode.r
%bdf-font-library.r
%beer.r
%beersong.r
%bestfit.r
%bf.r
%bignumbers.r
%bin-data.r
%bin-encode.r
%bin-save.r
%bin-to-float.r
%binary-file-transfer.r
%binary-search.r
%bingo.r
%black-scholes.r
%black-text.r
%blast.r
%blit.r
%blog.r
%blogger.r
%blood.r
%bnf-compiler.r
%bnf-parser.r
%bresenham.r
%bridge.r
%bro2text.r
%btn-sqlite.r
%build-pack.r
%build-site.r
%build-tag.r
%button-image.r
%button-key.r
%button.r
%buttons.r
%c-aware.r
%cacheserver.r
%calculator-tutorial.r
%calculator.r
%calculese.r
%calendar-install.r
%calendar.r
%call-spellchecker.r
%can-rebol-print.r
%captcha-example.r
%capture-screen.r
%capture.r
%card-file.r
%cas-rn.r
%case.r
%catch-game.r
%catcher.r
%cbh.r
%cd-track-titles.r
%cd.r
%ceb.r
%celcius.r
%cellphone.r
%cgi-debug.r
%cgi-event-calendar.r
%cgi-form-val-example.r
%cgi-ftp-folder-copy.r
%cgi.r
%cgibasic.r
%cgicomment.r
%cgidump.r
%cgiemailer.r
%cgiemailhtml.r
%cgiform.r
%cgiformhtml.r
%cgiformobj.r
%cgimail.r
%change-text-lists.r
%char-to-hex.r
%charts-api.r
%chatter.r
%check-server.r
%checklist.r
%chessimage.r
%chessmoves.r
%chinese-year.r
%chmod777to555.r
%choice-button-menu-example.r
%chord-accompaniment-player.r
%cisco-extract.r
%cl4mapserv.r
%cla-cla.r
%clcu.r
%clean-script-heavy.r
%clean-script.r
%clipboard-buttons.r
%clipboard.r
%clips.r
%clock-sync.r
%clock.r
%clone.r
%cloneobj.r
%closure.r
%cls.r
%code-colorizer.r
%code39.r
%coding-maito.r
%coinflip.r
%collatz.r
%collect.r
%color-code.r
%color-converter.r
%color-names.r
%colorize.r
%colormatch.r
%colormatch15.r
%common-dir.r
%common-parse-values.r
%compress-source.r
%compress.r
%compression.r
%connectdb.r
%console-udp.r
%consoleio.r
%content-management.r
%content-type.r
%contexts.r
%contract.r
%convert-csv.r
%convert-decimal-to-binary.r
%converter.r
%convertisseur.r
%convertitore.r
%cookie-example.r
%cookie-jar-lib.r
%cookies-client.r
%cookies.r
%copy-lib.r
%copycon.r
%core-email.r
%couchdb3.r
%counload.r
%countweb.r
%crc32.r
%credits.r
%crudbuilder.r
%crypt.r
%crystal-reports.r
%css-sprite.r
%css.r
%csv-tools.r
%csv.r
%currency-calculator.r
%dam1.r
%damgame.r
%date-time.r
%days-between.r
%days-per-month.r
%days-till-christmas.r
%db.r
%decode-charset.r
%decode-multipart-form-data.r
%define-dialect.r
%delete-directory.r
%delete-suffix.r
%delimit.r
%demo-ay.r
%demo.r
%demo1.r
%demorandom.r
%desk-calc.r
%desktop-shifter.r
%despam.r
%detach.r
%diagram.r
%dialog.r
%diary.r
%dice-roller.r
%dice.r
%dicomparser.r
%dict-demo.r
%dict-scheme.r
%dict.r
%diff-directories.r
%diff.r
%dig.r
%dir-map-explorer.r
%dir-mapper.r
%dir-tree.r
%dir.r
%directions.r
%directory-downloader.r
%disable-face.r
%display-chess-board.r
%display-ip-addresses.r
%dll-examples.r
%dns-async-example.r
%do-pairs.r
%do-pop-scheme.r
%do-thru.r
%document-search.r
%dos-dir.r
%double-clic.r
%download-page.r
%downloader.r
%dpl700-converter.r
%dpl700.r
%draw-a-mouse-over-round-button.r
%draw-controls.r
%draw-distort.r
%draw-examples.r
%drill-bits.r
%drop-list2.r
%dual-col.r
%dump-face.r
%dump-style.r
%duplicate-directory.r
%duplicates.r
%ean13.r
%easter-day.r
%easter.r
%easy-drawer.r
%easy-service.r
%easy-soccer.r
%easy-vid.r
%easypage.r
%eat.r
%echos.r
%editor-with-undo.r
%effect-lab.r
%ellipse.r
%email-check.r
%emailbot.r
%emailclient.r
%emailer.r
%emailsend.r
%embedded-binary-demo.r
%embedded-search.r
%emit-rss.r
%encompass.r
%encrypt.r
%engroup.r
%enlist.r
%entity.r
%entry-form.r
%enum.r
%environ.r
%epu.r
%erebol.r
%error-logger.r
%error-message-finder.r
%error-text.r
%esend.r
%esmtp.r
%etext.r
%eurojackpot.r
%evaluate.r
%exif-core.r
%exif-image.r
%extend.r
%extract-keywords.r
%extract-urls.r
%extract-web-links.r
%ez-plot.r
%eztwain.r
%f-to-c.r
%f1.r
%facebroadcast.r
%faces.r
%factorial.r
%fadetext.r
%fahrenheit.r
%fastscroll.r
%fcgi-broker.r
%feedback.r
%ff3edit.r
%file-date-comparison-ctx.r
%file-download-cgi.r
%file-list.r
%file-request.r
%file-requester.r
%file-size-comparison-ctx.r
%file.r
%files-renamer.r
%fileserver.r
%filtered-import.r
%find-block.r
%find-file-gui.r
%find-file.r
%find-script.r
%findchars.r
%findweb.r
%fire-smoke-particle-generator.r
%fire.r
%fish.r
%fixed.r
%fizzbuzz.r
%flash-build.r
%flatten.r
%fmod-h.r
%font-lab.r
%font-styles.r
%foreach-file.r
%form-date.r
%form-error.r
%format-decimal.r
%formletter.r
%formmail.pl
%formserver.r
%forum-reader.r
%forum.r
%free-mem.r
%ftp-chat.r
%ftp-chmod.r
%ftp-file-editor.r
%ftp-tool.r
%ftpallto.r
%ftpappend.r
%ftpcheck.r
%ftpdel.r
%ftpdemo.r
%ftpdir.r
%ftpdircheck.r
%ftpdo.r
%ftpdown.r
%ftpdownbin.r
%ftpdownload.r
%ftpgadget-package.r
%ftphtml.r
%ftpinfo.r
%ftpmakedir.r
%ftpread.r
%ftprename.r
%ftpup.r
%ftpupload.r
%ftpwrite.r
%fun.r
%galaga.r
%game-of-life-variation.r
%garmin-protocol.r
%gather.r
%geeksong.r
%geekwithin.r
%gel.r
%gen-syntx.r
%generate-doc.r
%georss.r
%get-rebol-ressources.r
%get-stock.r
%get-version-ex.r
%gismo.r
%glayout-demo.r
%glayout.r
%glb.r
%gmul.r
%gps-pos.r
%gps-xor.r
%grad-all.r
%grad-image.r
%gradcol-all.r
%gradcol.r
%gradient.r
%graph-fx.r
%graph.r
%graphviz2rebol.r
%greek.r
%gsdemo.r
%guess-the-number.r
%gui-crud-app-builder.r
%guid.r
%guitar-chord-and-scale-diagrammer.r
%guitar-chord-diagram-maker.r
%guitar-chords.r
%gunzip.r
%gzip.r
%hashtable.r
%headfull.r
%headless.r
%headless1.r
%heaver.r
%hello-mini.r
%hello.r
%helloworld.r
%help-system.r
%help.r
%herd-the-sheep.r
%hide-email-addresses.r
%histogrammer.r
%history.r
%hllogparser.r
%hof.r
%hsv-lab.r
%html-calendar.r
%html-link.r
%html.r
%http-get.r
%http-head.r
%http-post.r
%http-tools.r
%ice.r
%ico-parser.r
%ico-parser2.r
%ico-view.r
%ico-view2.r
%icon-browse.r
%icon-browse2.r
%identity.r
%ieee.r
%iff-dialect.r
%image-effector.r
%image-sort.r
%imagemagick-helper.r
%imapx-handler.r
%img-to-bin.r
%incdec.r
%include.r
%indexer.r
%indexing.r
%inhide.r
%ini.r
%input-cgi.r
%insert-mru.r
%install-edit-tools.r
%instant-messenger.r
%insult.r
%int-mandelbrot.r
%intercom.r
%interweave.r
%iota.r
%ipaddress.r
%iso-8601-date.r
%itemize.r
%jeopardy.r
%jigsaw-puzzle.r
%jobbot.r
%jpg-analyse.r
%json.r
%jukebox.r
%julian.r
%kanizsa.r
%kasper.r
%keep-alive.r
%keyb.r
%keyboar-trener.r
%kg-st-remainder-lbs.r
%kindle-email.cgi
%klipper.r
%label-and-print.r
%ladislav-include.r
%launcher-ext42.r
%layed.r
%layout-1.8.r
%layout-writer.r
%layout.r
%lds-demo1-package.r
%lds-local.r
%leapyear.r
%ledclock.r
%leftstring.r
%lexpem.r
%lib-dialect.r
%lib-history.r
%libtest.reds
%licensed.r
%like.r
%line-intersection-demo.r
%linear-interp.r
%link-clock.r
%linked-layouts.r
%liquid.r
%list-scroll-demo.r
%list-supply-how-to.r
%list-view.r
%list-widget-example.r
%listftpupload.r
%listview-demo.r
%little-bell.r
%little-email-client.r
%load-header.r
%load-ini.r
%load-parse-tree.r
%locale.r
%lock-file.r
%log.r
%log4reb.r
%logviewer.r
%lookup.r
%looping-gui.r
%looping-through-data.r
%lorentz.r
%lowertag.r
%lrwp.r
%mac-requestors.r
%magic8.r
%mailautoreply.r
%mailboxsave.r
%mailcc.r
%maildespam.r
%mailfile.r
%mailfiles.r
%mailfilescomp.r
%mailfriends.r
%mailheader.r
%mailpage.r
%mailping.r
%mailsave.r
%mailsend.r
%mailsendgroup.r
%mailserver.r
%mailsniff.r
%mailview.r
%make-doc-pro.r
%make-doc.r
%make-object.r
%make-word-list.r
%makedoc2.r
%makespec.r
%mandelb.r
%mandelbrot.r
%mandelbrot2.r
%map.r
%markdown-rebol3.r
%massmailer.r
%match-game.r
%mbxfind.r
%mbxscripts.r
%mbxsubjects.r
%mci-play-avi-.r
%md5.r
%md5sum.r
%mdlparser.r
%mdp-gui-package.r
%mem-check.r
%mem-stats.r
%mem2.r
%menu-system-demo.r
%menu-system.r
%menubar.r
%menudemo.r
%metadata.r
%metadb.r
%meteomap-poland.r
%millionaire.r
%mines.r
%mini-calc.r
%mini-edit-do.r
%minify.r
%minisynth.r
%mirror-lang.r
%mirror-pref.r
%mirror.r
%ml.r
%money.r
%monitor.r
%month.r
%more-sqlite-dbs.r
%movegrad.r
%mp3-player-libwmp.r
%mp3-stream-parser.r
%mp3tool.r
%msdate-to-date.r
%multi-column-data-grids
%multi-column-data-grids.r
%multi-methods.r
%multiple-key-sort.r
%musical-chord-spellings.r
%my-http.r
%my-prank
%myskype.r
%mysql-example.r
%mysql_all.r
%mytext.r
%my_grab.r
%named-func.r
%narrated-slideshow.r
%native-requestors.r
%natural-numbers-sum.r
%navigator.r
%nehe-lesson05-glut.r
%nehe-lesson05-sdl.r
%nehe-lesson05.r
%netscan.r
%nettools.r
%never-cache.r
%new-blog.r
%new-suffix.r
%newsgroup.r
%ngbg.r
%ngbg2.r
%nicer-urls.r
%nidaqmax3-6.r
%nidaqmx
%nim-engine.r
%nistclock.r
%nntp.r
%no-rebol-in-title-bar.r
%nonlocal.r
%not.r
%now.r
%number-buttons-game.r
%number-verbalizer.r
%numbers.r
%nutural-numbers-sum.r
%obfuscation.r
%object-namespaces.r
%object-xml.r
%objects-example.r
%ocr.r
%one-row-hilite.r
%oneliner-bmp-to-png.r
%oneliner-bye.r
%oneliner-cd.r
%oneliner-chess-board.r
%oneliner-clear-me.r
%oneliner-dohist.r
%oneliner-ftp-upload-dir.r
%oneliner-ftp-upload-file.r
%oneliner-gzip.r3
%oneliner-hist.r
%oneliner-image-to-pgm.r
%oneliner-image-to-ppm.r
%oneliner-image-viewer.r
%oneliner-leapyear.r
%oneliner-log.r
%oneliner-monty-hall.r
%oneliner-morse-code.r
%oneliner-newprobe.r
%oneliner-nfrac.r
%oneliner-paint-drops.r
%oneliner-pi.r
%oneliner-posterize.r
%oneliner-prime-factors.r
%oneliner-prime-numbers.r
%oneliner-print-links.r
%oneliner-print-web-page.r
%oneliner-quine.r
%oneliner-rule-110-ca.r
%oneliner-save-console-history.r
%oneliner-save-web-page-text.r
%oneliner-send-email.r
%oneliner-server-id.r
%oneliner-subset.r
%oneliner-tcp-port-scanner.r
%oneliner-webserver.r
%oneliner-weekday.r
%opengl-glu-glut-h.r
%opengl.r
%ora-listener.r
%ordnum.r
%pack.r
%pager.r
%pages.r
%paint.r
%paintplus.r
%panorama-ss.r
%paradox-protocol.r
%paradoxtocsv.r
%parse-aid.r
%parse-analysis-view.r
%parse-analysis.r
%parse-code.r
%parse-core23-manual.r
%parse-equation.r
%parse-expression.r
%parse-ini.r
%parse-string.r
%parse-taguri.r
%parseen.r
%parserule-parser.r
%particle-generator.r
%passprotect.r
%paste-clipboard.r
%patch-esmtp-net.r
%patch-ftp-226-handling.r
%patches.r
%patent.r
%paypal-reports.r
%pclprt.r
%pcspager.r
%pdf-barcode.r
%pdf-labels.r
%pdf-maker.r
%pdf-tables.r
%periodictable.r
%permute.r
%photopoint.r
%phototrackr-converter.r
%php-colorizer.r
%piglatin.r
%ping.r
%ping32.r
%playing-card-example.r
%playing-card-framework.r
%playing-cards.r
%pm-101.r
%png.r
%podcast-chopper.r
%pop.r
%popspec.r
%por-01.r
%porterstemming.r
%pos.r
%post-script.r
%postal-barcode.r
%preface.r
%preprocess.r
%presenter.r
%presenting-text-in-columns.r
%pretty-numbers.r
%prime.r
%print-hex.r
%printer.r
%printf.r
%priority-queue.r
%prob.r
%profile-timer.r
%profiler.r
%progress-bar-with-read-thru.r
%progress-c.r
%progress.r
%prolog.r
%prot-time.r
%protect-func.r
%proxy.r
%psg-ay-3-8910-study.r
%pspad-spec.r
%pt.r
%push.r
%pword.r
%pytagoras-thorem.r
%q-plot.r
%qklaunch.r
%qml-base.r
%qml-ed.r
%qp-encode.r
%qtask-source.r
%quantieme.r
%quick-color-guide.r
%quick-manual.r
%quick-script-compressor.r
%quickparser.r
%quine.r
%quiz.r
%quote-bot.r
%r2html.r
%r3-rehash.r
%r3d2.r
%radioparadise.r
%raging-bull.r
%rand-pass.r
%random-org.r
%randomr.r
%rar.r
%rbbs.r
%rblxelparser.r
%rc4.r
%rcon.r
%read-below.r
%read-write-meta.r
%readmail.r
%reb2exe.r
%rebalert.r
%rebcall.r
%rebcam.r
%rebcannon.r
%rebdbgui.r
%rebdoc.r
%rebelxml.r
%rebftp.r
%rebgui-card-file.r
%rebgui-editor.r
%rebgui-image.r
%rebgui-sizing.r
%rebgui-spreadsheet.r
%rebgui-table.r
%rebgui-users.r
%rebhtty.r
%rebocalc.r
%rebodex.r
%rebol-reader.r
%rebol-script-function-counter.r
%rebol-stress-test.r
%rebol-text-parser.r
%reboldiff.r
%rebolide.r
%rebolusers.r
%rebprocessor.r
%rebserver.r
%rebsvs.r
%rebtut-indexer.r
%rebxml2xml.r
%rebzip.r
%rect-lib.r
%recursive-read.r
%redcompiler.r
%reffects.r
%refine.r
%reflect-all.r
%reflect.r
%registry.r
%regset.r
%reline.r
%rem-ext42.r
%rem.r
%remind.r
%remote-console.r
%remote-file.r
%remove-comments.r
%remove-emails-cgi.r
%remove-type.r
%rename-pics.r
%render-rich-text.r
%replace-in-all-files.r
%representation-in-text-lists.r
%request-date.r
%request-dir.r
%request-list-enhanced.r
%request-time.r
%resize-window.r
%resize.r
%resizer.r
%rest.r
%reversi.r
%rewrite-gfx.r
%rfc-parser.r
%rif.r
%rightstring.r
%rim-bot.r
%rim-bull.r
%rim-room.r
%rim.r
%rip.r
%rm.r
%rmoocks.r
%rnill.r
%rnv.r
%roman.r
%room-poll.r
%ropus.r
%rot-13.r
%round-2.r
%round.r
%rpps.r
%rrd.r
%rse-ids.r
%rss.r
%rtags.r
%rugby-console.r
%rugby.r
%rugby3.r
%rugby4.r
%rugby_server.r
%run.r
%runner.r
%s-field.r
%safe-cgi-data-read.r
%samman.r
%scan-dir.r
%sci-calc.r
%scrim.r
%script.r
%scrolling-fields.r
%scrollinglayout.r
%scrollpic.r
%sdl-h.r
%search.r
%search2.r
%secure-clean-path.r
%series-slice.r
%server.r
%set-prompt.r
%setemail.r
%sha1.r
%sha2.r
%share-files.r
%shrink.r
%simetrics.r
%simple-launcher.r
%simple-mail.r
%simple-math.r
%simple-menu-style.r
%simple-menu.r
%simple-multitasking.r
%simple-password-generator.r
%simple-pop-down-style.r
%simple-r3d.r
%simple-rich-text-style.r
%simple-search.r
%simple-system-tray.r
%simple-test.r
%simple-ticker-style.r
%simple-tooltip-style.r
%simple-vid-resizing.r
%simple-win-resizer-style.r
%simple.r
%simtpop.r
%site-build.r
%site-check.r
%site.r
%sitebuilder.cgi
%sizedir.r
%ski-game.r
%skimp-my-altme.r
%skimp.r
%skype.r
%slice.r
%slide.r
%slidery.r
%slideshow-presentation.r
%slim-link.r
%slim.r
%smail.r
%smallr.r
%smartudp.r
%sms-funcs.r
%sms2lj.r
%snake-game.r
%snmp.r
%sort-array.r
%sort-nests.r
%sort-series.r
%sound-recorder.r
%soundex.r
%space-game.r
%space-invaders-shootup.r
%spampopper.r
%spellck.r
%sphere.r
%split.r
%spooky.r
%sqd.r
%sql-protocol.r
%sqlite3-protocol.r
%sqlite3.r
%srchiver.r
%static.r
%steel-libs.r
%steganography.r
%sticky-notes.r
%str-enc-utils.r
%strip.r
%student-photo-database.r
%style-scrollable.r
%style-tooltip.r
%substr.r
%substring.r
%summer.r
%supercalculator.r
%superenalotto.r
%supermastermind.r
%surface.r
%surfnet-detective.r
%svn-version.r
%swintro.r
%switch.r
%sys-port-drag-accept.r
%table-columns.r
%table-grid-list.r
%tagit.r
%tail-func.r
%tailfunc.r
%tally.r
%tar.r
%tcp2broadcast.r
%tcpping.r
%tcpserver.r
%techfell-protocol.r
%telnet-client.r
%telnet.r
%telnetchat.r
%templating.r
%test-simple.r
%test-style-scrollable.r
%test.r
%testljudmila.r
%text-edit.r
%text-effects.r
%text-list-cover-up.r
%text-size.r
%text-view.r
%textdoc.r
%texthtml.r
%textile.r
%textpad-syngen.r
%textris.r
%textui.r
%texture-lab.r
%tface.r
%tftp-get.r
%the-blue-clock.r
%threaddemo.r
%throb.r
%thumbnail-maker.r
%tictactoe.r
%tifflib.r
%tiffreader.r
%tile-game.r
%time-clock.r
%time-in-digits.r
%time-line.r
%time-plan.r
%time-requester.r
%timeblk.r
%timeit.r
%timepage.r
%timer-style.r
%timer-styles.r
%timewebs.r
%tint.r
%tiny-paint-programs.r
%tiny-server.r
%tiny-tile-game.r
%tipcalculator.r
%title-bar.r
%tj-map.r
%tj-operators.r
%to-fussy-idate.r
%to-ical-date.r
%to-iso-8601-date.r
%to-timestamp.r
%todo-list.r
%toggle.r
%tokyotower.r
%toolt4vid.r
%topic-tags.r
%tower.r
%translate.r
%transpose.r
%tray.r
%treelist.r
%triangulation.r
%trictrac.r
%tsn.r
%twelvedays.r
%udp-group-chat.r
%udp-ip-broadcast-receive-for-tcp-client-server.r
%udp-ip-for-tcp-client-server.r
%udp-signin-client.r
%udp-signin-server.r
%udp2broadcast.r
%uncomment.r
%undetermined.r
%units.r
%unless.r
%unpack.r
%untar.r
%unzip-desktop.r
%update-index.r
%update_index.r
%upload-library-script.r
%upmc12.r
%upnp-igd.r
%uri.r
%url-handler.r
%use-rule.r
%userprotect.r
%usps4cb.r
%utc-now.r
%utf-8.r
%utf8-encode.r
%values.r
%vert-horiz-panels-style.r
%vid-build.r
%vid-button.r
%vid-date.r
%vid-drag-bar.r
%vid-drop-down.r
%vid-group.r
%vid-shooter.r
%vid-tutorial-async-event-loops.r
%vid-usage.r
%vid-wizard.r
%vid1r3.r3
%view-buttons.r
%view-hanoi.r
%view-html.r
%view-image-name.r
%view-image-name2.r
%view-image.r
%view-list.r
%view-rainbow.r
%viewer.r
%visual-sorting.r
%voice-alarms.r
%volker-tools.r
%volkswebserv.r
%vprint.r
%vt-emailer.r
%vt100.r
%vtrend.r
%wall-street.r
%wallp.r
%wap-file-editor.r
%wap-file-viewer.r
%wap-mail-reader.r
%wavplayer.r
%web-cam.r
%web-find-file.r
%web-to-plain.r
%web-tool.cgi
%webbanner.r
%webcam-viewer.r
%webcam.r
%webcheck.r
%webcomment.r
%webcrawler.r
%webfind.r
%webfinder.r
%webget.r
%webgetter.r
%weblinks.r
%webloop.r
%webprint.r
%websend.r
%webserv.r
%webserver.r
%websplit.r
%webtitle.r
%webwidget.r
%weekday.r
%wgetit.r
%whatismyip.r
%whoismaker.r
%whoismaker2.r
%wiggly-text.r
%wiki-rebol2.r
%wiki-rebol3.r
%wiki.r
%wild-buttons.r
%win-maker.r
%win-requestors.r
%win32-errors.r
%window-util.r
%windows-chrono.r
%winforlife.r
%work-days.r
%wraptext.r
%wumpus.r
%xcopy.r
%xhtml-emitter.r
%xlsr.r
%xml-dom.r
%xml-object.r
%xml-parse.r
%xml2rebxml.r
%xmlgen.r
%xpath.r
%xpdev.r
%xpm.r
%yarm.r
%yubnub-searches.r
%zip-fix.r
%zip.r
%zlib.r
